-- Found Git: /usr/bin/git (found version "2.51.0")
-- git describe last release tag: e14c2f5
-- The CXX compiler identification is GNU 13.3.0
-- Detecting CXX compiler ABI info
-- Detecting CXX compiler ABI info - done
-- Check for working CXX compiler: /usr/bin/c++ - skipped
-- Detecting CXX compile features
-- Detecting CXX compile features - done
-- libcoro version: 0.0.0
-- LIBCORO_ENABLE_ASAN           = OFF
-- LIBCORO_ENABLE_MSAN           = OFF
-- LIBCORO_ENABLE_TSAN           = OFF
-- LIBCORO_ENABLE_USAN           = OFF
-- LIBCORO_EXTERNAL_DEPENDENCIES = OFF
-- LIBCORO_BUILD_TESTS           = OFF
-- LIBCORO_CODE_COVERAGE         = OFF
-- LIBCORO_BUILD_EXAMPLES        = OFF
-- LIBCORO_FEATURE_NETWORKING    = ON
-- LIBCORO_FEATURE_TLS           = ON
-- LIBCORO_RUN_GITCONFIG         = OFF
-- LIBCORO_BUILD_SHARED_LIBS     = OFF
CMake Error at CMakeLists.txt:103 (add_subdirectory):
  The source directory

    /home/runner/work/libcoro/libcoro/vendor/c-ares/c-ares

  does not contain a CMakeLists.txt file.


-- Found OpenSSL: /usr/lib/x86_64-linux-gnu/libcrypto.so (found version "3.0.13")
-- Performing Test COMPILER_HAS_HIDDEN_VISIBILITY
-- Performing Test COMPILER_HAS_HIDDEN_VISIBILITY - Success
-- Performing Test COMPILER_HAS_HIDDEN_INLINE_VISIBILITY
-- Performing Test COMPILER_HAS_HIDDEN_INLINE_VISIBILITY - Success
-- Performing Test COMPILER_HAS_DEPRECATED_ATTR
-- Performing Test COMPILER_HAS_DEPRECATED_ATTR - Success
-- Configuring incomplete, errors occurred!
